t,pose_x,pose_y,pose_deg,v,w,cur_v,waypoints_left,path_len_left_m,carrot_x,carrot_y,carrot_dist,min_lidar_ahead,nearest_aux,nearest_poison,stall
111.30,1.703,-0.465,69.1,0.000,-2.200,0.000,28,1.30,nan,nan,-1.000,0.601,0.342,inf,1
111.55,1.703,-0.465,44.5,0.000,-2.200,0.000,28,1.30,nan,nan,-1.000,0.607,0.342,inf,1
111.81,1.703,-0.465,19.8,0.000,-2.200,0.000,28,1.30,nan,nan,-1.000,0.213,0.342,inf,1
112.06,1.703,-0.465,-6.3,0.000,-1.447,0.000,28,1.30,nan,nan,-1.000,0.200,0.342,inf,1
112.32,1.703,-0.465,-21.3,0.000,-0.884,0.000,28,1.33,nan,nan,-1.000,0.310,0.342,inf,1
112.58,1.703,-0.465,-28.4,0.000,-0.733,0.000,28,1.33,1.763,-0.705,0.246,0.303,0.353,inf,1
112.83,1.703,-0.465,-35.4,0.000,-0.550,0.000,28,1.33,1.763,-0.705,0.246,0.306,0.353,inf,1
113.09,1.703,-0.465,-41.4,0.000,-0.550,0.000,28,1.33,1.763,-0.705,0.246,0.211,0.353,inf,1
113.34,1.703,-0.465,-48.9,0.000,-0.550,0.000,28,1.42,1.702,-0.652,0.187,0.303,0.353,inf,1
113.60,1.703,-0.465,-54.9,0.000,-0.550,0.000,28,1.42,1.702,-0.652,0.187,0.306,0.353,inf,1
113.86,1.711,-0.479,-62.5,0.084,-0.550,0.105,28,1.42,1.735,-0.685,0.207,0.289,0.356,inf,0
114.11,1.722,-0.504,-69.3,0.126,-0.550,0.105,28,1.42,1.742,-0.692,0.189,0.276,0.337,inf,0
114.37,1.730,-0.528,-74.6,0.092,-0.367,0.063,28,1.49,1.763,-0.803,0.277,0.255,0.318,inf,0
114.62,1.736,-0.554,-78.6,0.126,-0.367,0.126,28,1.49,1.763,-0.854,0.301,0.233,0.298,inf,0
114.88,1.741,-0.586,-81.6,0.126,-0.183,0.126,28,1.49,1.779,-0.879,0.296,0.498,0.274,inf,0
115.14,1.746,-0.618,-81.0,0.126,0.000,0.126,28,1.49,1.802,-0.902,0.289,0.470,0.251,inf,0
115.39,1.749,-0.638,-71.9,0.000,2.200,0.000,23,1.36,nan,nan,-1.000,0.470,0.238,inf,1
115.65,1.749,-0.638,-50.9,0.000,1.420,0.000,23,1.36,nan,nan,-1.000,0.564,0.238,inf,1
115.90,1.749,-0.638,-37.7,0.000,-0.192,0.000,23,1.36,1.780,-0.880,0.244,0.224,0.238,inf,1
116.16,1.749,-0.638,-43.2,0.000,-0.550,0.000,23,1.36,1.780,-0.880,0.244,0.265,0.238,inf,1
116.42,1.750,-0.638,-50.0,0.058,-0.733,0.029,37,1.38,1.789,-0.889,0.253,0.205,0.238,inf,1
116.67,1.772,-0.671,-57.6,0.233,-0.367,0.228,35,1.49,1.881,-0.962,0.311,0.556,0.233,inf,0
116.93,1.804,-0.725,-60.4,0.255,-0.183,0.233,35,1.49,1.926,-0.987,0.290,0.516,0.234,inf,0
117.18,1.826,-0.764,-55.6,0.000,2.200,0.000,19,1.51,nan,nan,-1.000,0.492,0.244,inf,1
117.44,1.826,-0.764,-38.9,0.000,1.596,0.000,19,1.51,nan,nan,-1.000,0.530,0.244,inf,1
117.70,1.826,-0.764,-25.4,0.000,1.007,0.000,19,1.51,nan,nan,-1.000,0.601,0.244,inf,1
117.95,1.826,-0.764,-25.1,0.000,-0.733,0.000,19,1.51,1.887,-0.962,0.207,0.628,0.244,inf,1
118.21,1.829,-0.765,-31.5,0.086,-0.183,0.058,28,1.36,2.038,-0.962,0.288,0.572,0.246,inf,0
118.46,1.857,-0.783,-33.4,0.147,0.000,0.147,28,1.36,2.102,-0.962,0.304,0.547,0.271,inf,0
118.72,1.888,-0.804,-33.4,0.147,0.000,0.147,28,1.36,2.139,-0.962,0.296,0.531,0.301,inf,0
118.98,1.920,-0.825,-33.4,0.147,0.183,0.147,28,1.36,2.176,-0.962,0.291,0.529,0.333,inf,0
119.23,1.960,-0.850,-30.6,0.233,0.367,0.233,21,1.42,2.246,-0.938,0.299,0.516,0.375,inf,0
119.49,2.014,-0.878,-24.7,0.206,0.550,0.235,21,1.42,2.295,-0.912,0.283,0.530,0.432,inf,0
119.74,2.020,-0.881,-2.1,0.000,1.592,0.000,20,1.46,nan,nan,-1.000,0.513,0.438,inf,1
120.00,2.020,-0.881,14.2,0.000,0.880,0.000,20,1.46,nan,nan,-1.000,0.449,0.438,inf,1
120.26,2.045,-0.876,9.2,0.230,-0.550,0.202,20,1.46,2.316,-0.912,0.273,0.430,0.462,inf,0
120.51,2.105,-0.870,3.2,0.237,-0.367,0.233,20,1.46,2.364,-0.899,0.261,0.497,0.520,inf,0
120.77,2.159,-0.867,3.5,0.178,0.000,0.170,28,1.46,2.412,-0.838,0.255,0.464,0.574,inf,0
121.02,2.207,-0.864,5.6,0.205,0.183,0.205,28,1.46,2.447,-0.812,0.245,0.451,inf,inf,0
121.28,2.259,-0.857,8.9,0.222,0.367,0.222,25,1.44,2.524,-0.751,0.285,0.433,inf,inf,0
121.54,2.316,-0.846,13.7,0.225,0.559,0.196,25,1.44,2.589,-0.668,0.326,0.417,0.608,inf,0
121.79,2.381,-0.824,22.6,0.280,0.917,0.280,25,1.44,2.596,-0.566,0.336,0.450,0.540,inf,0
122.05,2.443,-0.791,33.8,0.280,0.917,0.251,26,1.43,2.601,-0.503,0.328,0.484,0.470,inf,0
122.30,2.498,-0.746,44.1,0.280,0.917,0.280,26,1.43,2.607,-0.421,0.343,0.433,0.404,inf,0
122.56,2.545,-0.693,53.1,0.254,0.733,0.280,29,1.41,2.623,-0.353,0.349,0.394,0.347,inf,0
122.82,2.581,-0.637,60.9,0.280,0.733,0.280,29,1.41,2.626,-0.288,0.352,0.373,0.307,inf,0
123.07,2.611,-0.573,67.7,0.280,0.550,0.280,32,1.41,2.629,-0.201,0.372,0.354,0.276,inf,0
123.33,2.635,-0.505,74.3,0.280,0.550,0.280,32,1.41,2.631,-0.133,0.372,0.343,0.259,inf,0
123.58,2.650,-0.435,79.5,0.280,0.367,0.280,36,1.42,2.657,-0.063,0.372,0.340,0.269,inf,0
123.84,2.661,-0.365,82.4,0.280,0.183,0.280,36,1.42,2.660,0.008,0.372,0.337,0.300,inf,0
124.10,2.669,-0.294,84.9,0.280,0.183,0.280,42,1.45,2.663,0.078,0.372,0.337,0.346,inf,0
124.35,2.674,-0.223,86.7,0.280,0.000,0.280,42,1.45,2.688,0.138,0.362,0.337,0.401,inf,0
124.61,2.678,-0.152,86.4,0.280,0.000,0.280,46,1.53,2.690,0.190,0.342,0.332,0.461,inf,0
124.86,2.683,-0.080,85.5,0.251,0.000,0.280,46,1.53,2.738,0.247,0.331,0.322,0.453,inf,0
125.12,2.689,-0.014,83.6,0.234,-0.183,0.261,46,1.53,2.763,0.295,0.317,0.306,0.390,inf,0
125.38,2.697,0.043,81.5,0.185,0.009,0.213,53,1.44,2.763,0.347,0.311,0.290,0.337,inf,0
125.63,2.702,0.078,81.5,0.126,0.000,0.126,53,1.44,2.763,0.347,0.276,0.282,0.307,inf,0
125.89,2.706,0.106,81.5,0.084,0.000,0.105,53,1.44,2.763,0.399,0.299,0.274,0.283,inf,0
126.14,2.709,0.128,81.2,0.113,-0.183,0.084,53,1.44,2.763,0.400,0.277,0.268,0.264,inf,0
126.40,2.714,0.156,79.5,0.047,0.000,0.076,59,1.52,2.763,0.426,0.274,0.253,0.242,inf,0
126.66,2.719,0.182,79.2,0.126,0.000,0.126,59,1.52,2.763,0.472,0.293,0.252,0.223,inf,0
126.91,2.725,0.213,78.3,0.126,0.000,0.126,59,1.52,2.763,0.505,0.294,0.242,0.203,inf,0
127.17,2.732,0.245,78.0,0.126,0.000,0.126,59,1.52,2.763,0.532,0.288,0.255,0.186,inf,0
127.42,2.739,0.276,78.0,0.126,0.000,0.126,54,1.39,2.763,0.576,0.301,0.227,0.174,inf,0
127.68,2.745,0.308,78.6,0.126,0.183,0.126,56,1.48,2.763,0.613,0.305,0.244,0.167,inf,0
127.94,2.751,0.340,80.9,0.126,0.183,0.126,56,1.48,2.763,0.640,0.300,0.217,0.165,inf,0
128.19,2.756,0.372,81.8,0.126,0.183,0.126,56,1.48,2.763,0.682,0.311,0.213,0.169,inf,0
128.45,2.760,0.403,83.6,0.126,0.000,0.126,56,1.48,2.763,0.714,0.310,0.256,0.173,inf,0
128.70,2.763,0.436,85.2,0.126,0.183,0.126,51,1.34,2.763,0.748,0.312,0.212,0.169,inf,0
128.96,2.766,0.468,86.1,0.126,0.183,0.126,49,1.46,2.763,0.778,0.310,0.211,0.159,inf,0
129.22,2.767,0.500,87.3,0.126,0.000,0.126,49,1.46,2.763,0.810,0.310,0.272,0.155,inf,0
129.47,2.769,0.532,88.3,0.126,0.000,0.126,49,1.46,2.763,0.842,0.310,0.233,0.156,inf,0
129.73,2.770,0.564,88.3,0.126,0.000,0.126,49,1.46,2.763,0.875,0.310,0.286,0.157,inf,0
129.98,2.770,0.597,88.6,0.126,0.000,0.126,44,1.33,2.763,0.907,0.311,0.224,0.158,inf,0
130.24,2.771,0.629,88.9,0.126,0.183,0.126,42,1.45,2.763,0.939,0.311,0.211,0.162,inf,0
130.50,2.771,0.661,89.5,0.126,0.000,0.126,42,1.45,2.763,0.971,0.311,0.217,0.159,inf,0
130.75,2.772,0.693,89.5,0.126,0.000,0.126,42,1.45,2.763,1.004,0.311,0.243,0.159,inf,0
131.01,2.772,0.725,89.5,0.126,0.000,0.126,42,1.45,2.763,1.036,0.311,0.229,0.160,inf,0
131.26,2.772,0.758,89.5,0.126,0.000,0.126,37,1.32,2.763,1.068,0.311,0.238,0.160,inf,0
131.52,2.773,0.790,89.5,0.126,0.000,0.126,36,1.45,2.763,1.100,0.311,0.215,0.160,inf,0
131.78,2.773,0.822,90.2,0.126,0.183,0.126,36,1.45,2.763,1.133,0.311,0.205,0.161,inf,0
132.03,2.772,0.854,90.5,0.126,0.000,0.126,36,1.45,2.763,1.165,0.311,0.256,0.160,inf,0
132.29,2.772,0.887,90.5,0.126,0.000,0.126,36,1.45,2.763,1.197,0.311,0.212,0.160,inf,0
132.54,2.772,0.919,90.5,0.126,0.000,0.126,31,1.47,2.763,1.229,0.311,0.211,0.160,inf,0
132.80,2.772,0.951,90.5,0.126,0.000,0.126,31,1.47,2.763,1.261,0.311,0.274,0.160,inf,0
133.06,2.771,0.983,90.5,0.126,0.000,0.126,31,1.47,2.758,1.292,0.309,0.228,0.159,inf,0
133.31,2.771,1.015,90.5,0.126,0.000,0.126,31,1.47,2.738,1.316,0.302,0.272,0.159,inf,0
133.57,2.771,1.048,90.5,0.126,0.000,0.126,26,1.35,2.738,1.348,0.302,0.222,0.159,inf,0
133.82,2.771,1.080,90.8,0.126,0.183,0.126,25,1.47,2.738,1.380,0.302,0.220,0.158,inf,0
134.08,2.770,1.112,91.4,0.126,0.000,0.126,25,1.47,2.738,1.412,0.302,0.219,0.157,inf,0
134.34,2.769,1.144,91.8,0.126,0.000,0.126,25,1.47,2.738,1.444,0.302,0.249,0.157,inf,0
134.59,2.768,1.177,92.1,0.126,0.000,0.126,25,1.47,2.738,1.477,0.302,0.225,0.156,inf,0
134.85,2.767,1.209,92.7,0.126,0.183,0.126,20,1.35,2.722,1.503,0.297,0.241,0.161,inf,0
135.10,2.766,1.213,113.1,0.000,1.524,0.000,19,1.47,nan,nan,-1.000,0.226,0.162,inf,1
135.36,2.766,1.213,127.4,0.000,0.904,0.000,19,1.47,nan,nan,-1.000,0.230,0.162,inf,1
135.62,2.754,1.230,123.4,0.126,-0.733,0.126,19,1.47,2.707,1.518,0.291,0.216,0.157,inf,0
135.87,2.746,1.243,117.9,0.029,-0.559,0.000,19,1.47,2.734,1.491,0.248,0.224,0.205,inf,1
136.13,2.736,1.265,113.1,0.126,-0.183,0.126,18,1.44,2.676,1.549,0.291,0.498,0.216,inf,0
136.38,2.724,1.295,110.2,0.126,-0.183,0.126,18,1.44,2.654,1.571,0.285,0.467,0.235,inf,0
136.64,2.714,1.325,109.1,0.126,0.000,0.126,18,1.44,2.633,1.592,0.279,0.477,0.258,inf,0
136.90,2.703,1.355,109.1,0.126,0.000,0.126,14,1.50,2.619,1.606,0.265,0.485,0.283,inf,0
137.15,2.693,1.386,109.1,0.126,0.000,0.126,14,1.50,2.597,1.628,0.260,0.507,0.309,inf,0
137.41,2.686,1.405,115.7,0.000,2.117,0.000,14,1.50,nan,nan,-1.000,0.558,0.326,inf,1
137.66,2.686,1.405,133.2,0.000,1.356,0.000,14,1.50,nan,nan,-1.000,0.547,0.326,inf,1
137.92,2.686,1.405,144.8,0.000,0.980,0.000,11,1.32,nan,nan,-1.000,0.393,0.326,inf,1
138.18,2.672,1.414,146.1,0.126,-0.183,0.126,11,1.32,2.447,1.613,0.299,0.246,0.332,inf,0
138.43,2.645,1.433,145.3,0.126,-0.192,0.126,11,1.32,2.416,1.613,0.291,0.352,0.347,inf,0
138.69,2.619,1.451,144.1,0.126,0.000,0.126,14,1.42,2.377,1.613,0.291,0.513,0.364,inf,0
138.94,2.593,1.470,143.8,0.126,0.183,0.126,14,1.42,2.345,1.613,0.286,0.488,0.383,inf,0
139.20,2.567,1.489,144.8,0.126,0.000,0.126,14,1.42,2.313,1.613,0.282,0.471,0.404,inf,0
139.46,2.540,1.507,146.2,0.126,0.183,0.126,14,1.42,2.281,1.613,0.279,0.459,0.426,inf,0
139.71,2.511,1.526,148.7,0.206,0.367,0.184,11,1.27,2.209,1.613,0.313,0.440,0.450,inf,0
139.97,2.453,1.557,154.3,0.280,0.550,0.280,8,1.39,2.108,1.613,0.349,0.420,0.496,inf,0
140.22,2.393,1.582,160.4,0.168,0.367,0.196,8,1.39,2.054,1.613,0.340,0.410,0.541,inf,0
140.48,2.360,1.593,163.1,0.126,0.183,0.126,6,1.40,2.057,1.613,0.304,0.409,0.565,inf,0
140.74,2.329,1.602,165.3,0.140,0.183,0.129,6,1.40,2.018,1.613,0.312,0.405,0.587,inf,0
140.99,2.295,1.610,167.6,0.148,0.183,0.160,6,1.40,1.971,1.613,0.324,0.411,0.611,inf,0
141.25,2.256,1.618,170.0,0.177,0.183,0.161,6,1.40,1.932,1.613,0.325,0.409,0.639,inf,0
